2026-04-28 17:06:47,421 pillywiggins.skill_exec INFO {"timestamp": "2026-04-28T07:06:47.420822+00:00", "agent_id": "puck", "channel": "discord", "skill_name": "test_skill", "args": {"query": "hello"}, "result_summary": "\"executed\"", "error": null}
2026-04-28 17:06:47,423 pillywiggins.skill_exec INFO {"timestamp": "2026-04-28T07:06:47.423212+00:00", "agent_id": "puck", "channel": "discord", "skill_name": "json_skill", "args": {}, "result_summary": "{\"key\": \"value\"}", "error": null}
2026-04-28 17:06:47,424 pillywiggins.skill_exec INFO {"timestamp": "2026-04-28T07:06:47.424959+00:00", "agent_id": "puck", "channel": "discord", "skill_name": "strict_skill", "args": {"bad_param": "oops"}, "result_summary": "", "error": "Error calling skill strict_skill: unexpected keyword argument 'bad_param'. Available parameters: valid_param"}
2026-04-28 20:06:01,438 pillywiggins.skill_exec INFO {"timestamp": "2026-04-28T10:06:01.437804+00:00", "agent_id": "puck", "channel": "discord", "skill_name": "test_skill", "args": {"query": "hello"}, "result_summary": "\"executed\"", "error": null}
2026-04-28 20:06:01,440 pillywiggins.skill_exec INFO {"timestamp": "2026-04-28T10:06:01.439981+00:00", "agent_id": "puck", "channel": "discord", "skill_name": "json_skill", "args": {}, "result_summary": "{\"key\": \"value\"}", "error": null}
2026-04-28 20:06:01,441 pillywiggins.skill_exec INFO {"timestamp": "2026-04-28T10:06:01.441653+00:00", "agent_id": "puck", "channel": "discord", "skill_name": "strict_skill", "args": {"bad_param": "oops"}, "result_summary": "", "error": "Error calling skill strict_skill: unexpected keyword argument 'bad_param'. Available parameters: valid_param"}
2026-04-28 20:16:54,769 pillywiggins.skill_exec INFO {"timestamp": "2026-04-28T10:16:54.769132+00:00", "agent_id": "puck", "channel": "discord", "skill_name": "test_skill", "args": {"query": "hello"}, "result_summary": "\"executed\"", "error": null}
2026-04-28 20:16:54,771 pillywiggins.skill_exec INFO {"timestamp": "2026-04-28T10:16:54.771523+00:00", "agent_id": "puck", "channel": "discord", "skill_name": "json_skill", "args": {}, "result_summary": "{\"key\": \"value\"}", "error": null}
2026-04-28 20:16:54,773 pillywiggins.skill_exec INFO {"timestamp": "2026-04-28T10:16:54.773131+00:00", "agent_id": "puck", "channel": "discord", "skill_name": "strict_skill", "args": {"bad_param": "oops"}, "result_summary": "", "error": "Error calling skill strict_skill: unexpected keyword argument 'bad_param'. Available parameters: valid_param"}
2026-04-28 20:22:28,711 pillywiggins.skill_exec INFO {"timestamp": "2026-04-28T10:22:28.711274+00:00", "agent_id": "puck", "channel": "discord", "skill_name": "nofile", "args": {}, "result_summary": "", "error": "Error: skill nofile has no source file for sandbox execution"}
2026-04-28 20:22:28,713 pillywiggins.skill_exec INFO {"timestamp": "2026-04-28T10:22:28.713388+00:00", "agent_id": "puck", "channel": "discord", "skill_name": "fail_skill", "args": {}, "result_summary": "", "error": "Sandbox error in fail_skill: timeout exceeded"}
2026-04-28 20:22:28,714 pillywiggins.skill_exec INFO {"timestamp": "2026-04-28T10:22:28.714784+00:00", "agent_id": "puck", "channel": "discord", "skill_name": "str_skill", "args": {}, "result_summary": "\"hello world\"", "error": null}
2026-04-28 20:22:28,716 pillywiggins.skill_exec INFO {"timestamp": "2026-04-28T10:22:28.715989+00:00", "agent_id": "puck", "channel": "discord", "skill_name": "dict_skill", "args": {}, "result_summary": "{\"key\": \"value\"}", "error": null}
2026-04-28 20:23:31,119 pillywiggins.skill_exec INFO {"timestamp": "2026-04-28T10:23:31.119310+00:00", "agent_id": "puck", "channel": "discord", "skill_name": "nofile", "args": {}, "result_summary": "", "error": "Error: skill nofile has no source file for sandbox execution"}
2026-04-28 20:23:31,121 pillywiggins.skill_exec INFO {"timestamp": "2026-04-28T10:23:31.121739+00:00", "agent_id": "puck", "channel": "discord", "skill_name": "fail_skill", "args": {}, "result_summary": "", "error": "Sandbox error in fail_skill: timeout exceeded"}
2026-04-28 20:23:31,123 pillywiggins.skill_exec INFO {"timestamp": "2026-04-28T10:23:31.123095+00:00", "agent_id": "puck", "channel": "discord", "skill_name": "str_skill", "args": {}, "result_summary": "\"hello world\"", "error": null}
2026-04-28 20:23:31,124 pillywiggins.skill_exec INFO {"timestamp": "2026-04-28T10:23:31.124372+00:00", "agent_id": "puck", "channel": "discord", "skill_name": "dict_skill", "args": {}, "result_summary": "{\"key\": \"value\"}", "error": null}
2026-04-28 20:25:28,796 pillywiggins.skill_exec INFO {"timestamp": "2026-04-28T10:25:28.796430+00:00", "agent_id": "puck", "channel": "discord", "skill_name": "nofile", "args": {}, "result_summary": "", "error": "Error: skill nofile has no source file for sandbox execution"}
2026-04-28 20:25:28,798 pillywiggins.skill_exec INFO {"timestamp": "2026-04-28T10:25:28.798625+00:00", "agent_id": "puck", "channel": "discord", "skill_name": "fail_skill", "args": {}, "result_summary": "", "error": "Sandbox error in fail_skill: timeout exceeded"}
2026-04-28 20:25:28,800 pillywiggins.skill_exec INFO {"timestamp": "2026-04-28T10:25:28.800026+00:00", "agent_id": "puck", "channel": "discord", "skill_name": "str_skill", "args": {}, "result_summary": "\"hello world\"", "error": null}
2026-04-28 20:25:28,800 pillywiggins.skill_exec INFO {"timestamp": "2026-04-28T10:25:28.800801+00:00", "agent_id": "puck", "channel": "discord", "skill_name": "dict_skill", "args": {}, "result_summary": "{\"key\": \"value\"}", "error": null}
2026-04-28 10:26:18,734 pillywiggins.skill_exec INFO {"timestamp": "2026-04-28T10:26:18.734786+00:00", "agent_id": "puck", "channel": "discord", "skill_name": "nofile", "args": {}, "result_summary": "", "error": "Error: skill nofile has no source file for sandbox execution"}
2026-04-28 10:26:18,735 pillywiggins.skill_exec INFO {"timestamp": "2026-04-28T10:26:18.735797+00:00", "agent_id": "puck", "channel": "discord", "skill_name": "fail_skill", "args": {}, "result_summary": "", "error": "Sandbox error in fail_skill: timeout exceeded"}
2026-04-28 10:26:18,736 pillywiggins.skill_exec INFO {"timestamp": "2026-04-28T10:26:18.736446+00:00", "agent_id": "puck", "channel": "discord", "skill_name": "str_skill", "args": {}, "result_summary": "\"hello world\"", "error": null}
2026-04-28 10:26:18,737 pillywiggins.skill_exec INFO {"timestamp": "2026-04-28T10:26:18.737076+00:00", "agent_id": "puck", "channel": "discord", "skill_name": "dict_skill", "args": {}, "result_summary": "{\"key\": \"value\"}", "error": null}
2026-04-28 10:26:18,738 pillywiggins.skill_exec INFO {"timestamp": "2026-04-28T10:26:18.738601+00:00", "agent_id": "puck", "channel": "discord", "skill_name": "test_skill", "args": {"query": "hello"}, "result_summary": "\"executed\"", "error": null}
2026-04-28 10:26:18,739 pillywiggins.skill_exec INFO {"timestamp": "2026-04-28T10:26:18.739343+00:00", "agent_id": "puck", "channel": "discord", "skill_name": "json_skill", "args": {}, "result_summary": "{\"key\": \"value\"}", "error": null}
2026-04-28 10:26:18,740 pillywiggins.skill_exec INFO {"timestamp": "2026-04-28T10:26:18.740069+00:00", "agent_id": "puck", "channel": "discord", "skill_name": "strict_skill", "args": {"bad_param": "oops"}, "result_summary": "", "error": "Error calling skill strict_skill: unexpected keyword argument 'bad_param'. Available parameters: valid_param"}
2026-04-28 10:43:15,346 pillywiggins.skill_exec INFO {"timestamp": "2026-04-28T10:43:15.346757+00:00", "agent_id": "puck", "channel": "discord", "skill_name": "greet", "args": {"name": "world"}, "result_summary": "\"hello from skill\"", "error": null}
2026-04-28 10:43:15,349 pillywiggins.skill_exec INFO {"timestamp": "2026-04-28T10:43:15.349011+00:00", "agent_id": "puck", "channel": "discord", "skill_name": "echo", "args": {"text": "hello"}, "result_summary": "\"echoed\"", "error": null}
2026-04-28 10:43:15,350 pillywiggins.skill_exec INFO {"timestamp": "2026-04-28T10:43:15.350805+00:00", "agent_id": "puck", "channel": "discord", "skill_name": "json_skill", "args": {}, "result_summary": "{\"key\": \"value\", \"count\": 42}", "error": null}
2026-04-28 10:43:15,352 pillywiggins.skill_exec INFO {"timestamp": "2026-04-28T10:43:15.352630+00:00", "agent_id": "puck", "channel": "discord", "skill_name": "list_skill", "args": {}, "result_summary": "[1, 2, 3]", "error": null}
2026-04-28 10:43:15,354 pillywiggins.skill_exec INFO {"timestamp": "2026-04-28T10:43:15.354410+00:00", "agent_id": "puck", "channel": "discord", "skill_name": "count_skill", "args": {}, "result_summary": "42", "error": null}
2026-04-28 10:43:15,356 pillywiggins.skill_exec INFO {"timestamp": "2026-04-28T10:43:15.356139+00:00", "agent_id": "puck", "channel": "discord", "skill_name": "param_skill", "args": {"city": "London", "units": "fahrenheit"}, "result_summary": "\"done\"", "error": null}
2026-04-28 10:43:15,360 pillywiggins.skill_exec INFO {"timestamp": "2026-04-28T10:43:15.360846+00:00", "agent_id": "puck", "channel": "discord", "skill_name": "no_params", "args": {}, "result_summary": "\"no args needed\"", "error": null}
2026-04-28 10:43:15,362 pillywiggins.skill_exec INFO {"timestamp": "2026-04-28T10:43:15.362538+00:00", "agent_id": "puck", "channel": "discord", "skill_name": "bare", "args": {"unexpected_arg": "wait"}, "result_summary": "\"ok\"", "error": null}
2026-04-28 10:43:15,365 pillywiggins.skill_exec INFO {"timestamp": "2026-04-28T10:43:15.365750+00:00", "agent_id": "puck", "channel": "discord", "skill_name": "perm_skill", "args": {"x": "test"}, "result_summary": "\"ran anyway\"", "error": null}
2026-04-28 10:43:15,367 pillywiggins.skill_exec INFO {"timestamp": "2026-04-28T10:43:15.367386+00:00", "agent_id": "puck", "channel": "discord", "skill_name": "broken", "args": {}, "result_summary": "", "error": "Error calling skill broken: 'NoneType' object is not callable. Available parameters: "}
2026-04-28 10:43:15,369 pillywiggins.skill_exec INFO {"timestamp": "2026-04-28T10:43:15.369044+00:00", "agent_id": "puck", "channel": "discord", "skill_name": "strict", "args": {"wrong_param": "oops"}, "result_summary": "", "error": "Error calling skill strict: TestMakeSkillToolMissingRunFunction.test_skill_run_func_with_wrong_signature_gives_error_message.<locals>.strict_run() got an unexpected keyword argument 'wrong_param'. Available parameters: required_arg"}
2026-04-28 10:43:15,370 pillywiggins.skill_exec INFO {"timestamp": "2026-04-28T10:43:15.370602+00:00", "agent_id": "puck", "channel": "discord", "skill_name": "two_arg", "args": {"a": "hello"}, "result_summary": "", "error": "Error calling skill two_arg: TestMakeSkillToolMissingRunFunction.test_skill_run_func_type_error_returns_available_params.<locals>.two_params() missing 1 required positional argument: 'b'. Available parameters: a, b"}
2026-04-28 10:43:15,372 pillywiggins.skill_exec INFO {"timestamp": "2026-04-28T10:43:15.372221+00:00", "agent_id": "puck", "channel": "discord", "skill_name": "fwd", "args": {"foo": "bar", "baz": 42}, "result_summary": "\"ok\"", "error": null}
2026-04-28 10:43:15,373 pillywiggins.skill_exec INFO {"timestamp": "2026-04-28T10:43:15.373812+00:00", "agent_id": "puck", "channel": "discord", "skill_name": "fwd_empty", "args": {}, "result_summary": "\"ok\"", "error": null}
2026-04-28 10:43:15,375 pillywiggins.skill_exec INFO {"timestamp": "2026-04-28T10:43:15.375472+00:00", "agent_id": "puck", "channel": "discord", "skill_name": "ctx_check", "args": {"key": "<REDACTED>"}, "result_summary": "\"ok\"", "error": null}
2026-04-28 10:43:15,377 pillywiggins.skill_exec INFO {"timestamp": "2026-04-28T10:43:15.377131+00:00", "agent_id": "puck", "channel": "discord", "skill_name": "complex", "args": {"items": [1, 2, 3], "config": {"a": true}}, "result_summary": "\"ok\"", "error": null}
2026-04-28 10:44:25,039 pillywiggins.skill_exec INFO {"timestamp": "2026-04-28T10:44:25.038862+00:00", "agent_id": "puck", "channel": "discord", "skill_name": "nofile", "args": {}, "result_summary": "", "error": "Error: skill nofile has no source file for sandbox execution"}
2026-04-28 10:44:25,039 pillywiggins.skill_exec INFO {"timestamp": "2026-04-28T10:44:25.039845+00:00", "agent_id": "puck", "channel": "discord", "skill_name": "fail_skill", "args": {}, "result_summary": "", "error": "Sandbox error in fail_skill: timeout exceeded"}
2026-04-28 10:44:25,040 pillywiggins.skill_exec INFO {"timestamp": "2026-04-28T10:44:25.040487+00:00", "agent_id": "puck", "channel": "discord", "skill_name": "str_skill", "args": {}, "result_summary": "\"hello world\"", "error": null}
2026-04-28 10:44:25,041 pillywiggins.skill_exec INFO {"timestamp": "2026-04-28T10:44:25.041094+00:00", "agent_id": "puck", "channel": "discord", "skill_name": "dict_skill", "args": {}, "result_summary": "{\"key\": \"value\"}", "error": null}
2026-04-28 10:44:25,042 pillywiggins.skill_exec INFO {"timestamp": "2026-04-28T10:44:25.042590+00:00", "agent_id": "puck", "channel": "discord", "skill_name": "test_skill", "args": {"query": "hello"}, "result_summary": "\"executed\"", "error": null}
2026-04-28 10:44:25,043 pillywiggins.skill_exec INFO {"timestamp": "2026-04-28T10:44:25.043498+00:00", "agent_id": "puck", "channel": "discord", "skill_name": "json_skill", "args": {}, "result_summary": "{\"key\": \"value\"}", "error": null}
2026-04-28 10:44:25,044 pillywiggins.skill_exec INFO {"timestamp": "2026-04-28T10:44:25.044348+00:00", "agent_id": "puck", "channel": "discord", "skill_name": "strict_skill", "args": {"bad_param": "oops"}, "result_summary": "", "error": "Error calling skill strict_skill: unexpected keyword argument 'bad_param'. Available parameters: valid_param"}
2026-04-28 10:45:04,283 pillywiggins.skill_exec INFO {"timestamp": "2026-04-28T10:45:04.283257+00:00", "agent_id": "puck", "channel": "discord", "skill_name": "greet", "args": {"name": "world"}, "result_summary": "\"hello from skill\"", "error": null}
2026-04-28 10:45:04,285 pillywiggins.skill_exec INFO {"timestamp": "2026-04-28T10:45:04.285372+00:00", "agent_id": "puck", "channel": "discord", "skill_name": "echo", "args": {"text": "hello"}, "result_summary": "\"echoed\"", "error": null}
2026-04-28 10:45:04,287 pillywiggins.skill_exec INFO {"timestamp": "2026-04-28T10:45:04.287226+00:00", "agent_id": "puck", "channel": "discord", "skill_name": "json_skill", "args": {}, "result_summary": "{\"key\": \"value\", \"count\": 42}", "error": null}
2026-04-28 10:45:04,289 pillywiggins.skill_exec INFO {"timestamp": "2026-04-28T10:45:04.289127+00:00", "agent_id": "puck", "channel": "discord", "skill_name": "list_skill", "args": {}, "result_summary": "[1, 2, 3]", "error": null}
2026-04-28 10:45:04,290 pillywiggins.skill_exec INFO {"timestamp": "2026-04-28T10:45:04.290888+00:00", "agent_id": "puck", "channel": "discord", "skill_name": "count_skill", "args": {}, "result_summary": "42", "error": null}
2026-04-28 10:45:04,292 pillywiggins.skill_exec INFO {"timestamp": "2026-04-28T10:45:04.292636+00:00", "agent_id": "puck", "channel": "discord", "skill_name": "param_skill", "args": {"city": "London", "units": "fahrenheit"}, "result_summary": "\"done\"", "error": null}
2026-04-28 10:45:04,297 pillywiggins.skill_exec INFO {"timestamp": "2026-04-28T10:45:04.297403+00:00", "agent_id": "puck", "channel": "discord", "skill_name": "no_params", "args": {}, "result_summary": "\"no args needed\"", "error": null}
2026-04-28 10:45:04,299 pillywiggins.skill_exec INFO {"timestamp": "2026-04-28T10:45:04.299088+00:00", "agent_id": "puck", "channel": "discord", "skill_name": "bare", "args": {"unexpected_arg": "wait"}, "result_summary": "\"ok\"", "error": null}
2026-04-28 10:45:04,302 pillywiggins.skill_exec INFO {"timestamp": "2026-04-28T10:45:04.302089+00:00", "agent_id": "puck", "channel": "discord", "skill_name": "perm_skill", "args": {"x": "test"}, "result_summary": "\"ran anyway\"", "error": null}
2026-04-28 10:45:04,303 pillywiggins.skill_exec INFO {"timestamp": "2026-04-28T10:45:04.303698+00:00", "agent_id": "puck", "channel": "discord", "skill_name": "broken", "args": {}, "result_summary": "", "error": "Error calling skill broken: 'NoneType' object is not callable. Available parameters: "}
2026-04-28 10:45:04,305 pillywiggins.skill_exec INFO {"timestamp": "2026-04-28T10:45:04.305288+00:00", "agent_id": "puck", "channel": "discord", "skill_name": "strict", "args": {"wrong_param": "oops"}, "result_summary": "", "error": "Error calling skill strict: TestMakeSkillToolMissingRunFunction.test_skill_run_func_with_wrong_signature_gives_error_message.<locals>.strict_run() got an unexpected keyword argument 'wrong_param'. Available parameters: required_arg"}
2026-04-28 10:45:04,306 pillywiggins.skill_exec INFO {"timestamp": "2026-04-28T10:45:04.306898+00:00", "agent_id": "puck", "channel": "discord", "skill_name": "two_arg", "args": {"a": "hello"}, "result_summary": "", "error": "Error calling skill two_arg: TestMakeSkillToolMissingRunFunction.test_skill_run_func_type_error_returns_available_params.<locals>.two_params() missing 1 required positional argument: 'b'. Available parameters: a, b"}
2026-04-28 10:45:04,308 pillywiggins.skill_exec INFO {"timestamp": "2026-04-28T10:45:04.308566+00:00", "agent_id": "puck", "channel": "discord", "skill_name": "fwd", "args": {"foo": "bar", "baz": 42}, "result_summary": "\"ok\"", "error": null}
2026-04-28 10:45:04,310 pillywiggins.skill_exec INFO {"timestamp": "2026-04-28T10:45:04.310225+00:00", "agent_id": "puck", "channel": "discord", "skill_name": "fwd_empty", "args": {}, "result_summary": "\"ok\"", "error": null}
2026-04-28 10:45:04,311 pillywiggins.skill_exec INFO {"timestamp": "2026-04-28T10:45:04.311832+00:00", "agent_id": "puck", "channel": "discord", "skill_name": "ctx_check", "args": {"key": "<REDACTED>"}, "result_summary": "\"ok\"", "error": null}
2026-04-28 10:45:04,313 pillywiggins.skill_exec INFO {"timestamp": "2026-04-28T10:45:04.313437+00:00", "agent_id": "puck", "channel": "discord", "skill_name": "complex", "args": {"items": [1, 2, 3], "config": {"a": true}}, "result_summary": "\"ok\"", "error": null}
2026-04-28 20:47:05,924 pillywiggins.skill_exec INFO {"timestamp": "2026-04-28T10:47:05.924025+00:00", "agent_id": "puck", "channel": "discord", "skill_name": "nofile", "args": {}, "result_summary": "", "error": "Error: skill nofile has no source file for sandbox execution"}
2026-04-28 20:47:05,925 pillywiggins.skill_exec INFO {"timestamp": "2026-04-28T10:47:05.925147+00:00", "agent_id": "puck", "channel": "discord", "skill_name": "fail_skill", "args": {}, "result_summary": "", "error": "Sandbox error in fail_skill: timeout exceeded"}
2026-04-28 20:47:05,925 pillywiggins.skill_exec INFO {"timestamp": "2026-04-28T10:47:05.925792+00:00", "agent_id": "puck", "channel": "discord", "skill_name": "str_skill", "args": {}, "result_summary": "\"hello world\"", "error": null}
2026-04-28 20:47:05,926 pillywiggins.skill_exec INFO {"timestamp": "2026-04-28T10:47:05.926423+00:00", "agent_id": "puck", "channel": "discord", "skill_name": "dict_skill", "args": {}, "result_summary": "{\"key\": \"value\"}", "error": null}
2026-04-28 20:47:05,927 pillywiggins.skill_exec INFO {"timestamp": "2026-04-28T10:47:05.927965+00:00", "agent_id": "puck", "channel": "discord", "skill_name": "test_skill", "args": {"query": "hello"}, "result_summary": "\"executed\"", "error": null}
2026-04-28 20:47:05,928 pillywiggins.skill_exec INFO {"timestamp": "2026-04-28T10:47:05.928694+00:00", "agent_id": "puck", "channel": "discord", "skill_name": "json_skill", "args": {}, "result_summary": "{\"key\": \"value\"}", "error": null}
2026-04-28 20:47:05,929 pillywiggins.skill_exec INFO {"timestamp": "2026-04-28T10:47:05.929425+00:00", "agent_id": "puck", "channel": "discord", "skill_name": "strict_skill", "args": {"bad_param": "oops"}, "result_summary": "", "error": "Error calling skill strict_skill: unexpected keyword argument 'bad_param'. Available parameters: valid_param"}
2026-04-28 20:50:55,835 pillywiggins.skill_exec INFO {"timestamp": "2026-04-28T10:50:55.835593+00:00", "agent_id": "puck", "channel": "discord", "skill_name": "nofile", "args": {}, "result_summary": "", "error": "Error: skill nofile has no source file for sandbox execution"}
2026-04-28 20:50:55,836 pillywiggins.skill_exec INFO {"timestamp": "2026-04-28T10:50:55.836569+00:00", "agent_id": "puck", "channel": "discord", "skill_name": "fail_skill", "args": {}, "result_summary": "", "error": "Sandbox error in fail_skill: timeout exceeded"}
2026-04-28 20:50:55,837 pillywiggins.skill_exec INFO {"timestamp": "2026-04-28T10:50:55.837219+00:00", "agent_id": "puck", "channel": "discord", "skill_name": "str_skill", "args": {}, "result_summary": "\"hello world\"", "error": null}
2026-04-28 20:50:55,837 pillywiggins.skill_exec INFO {"timestamp": "2026-04-28T10:50:55.837858+00:00", "agent_id": "puck", "channel": "discord", "skill_name": "dict_skill", "args": {}, "result_summary": "{\"key\": \"value\"}", "error": null}
2026-04-28 20:50:55,839 pillywiggins.skill_exec INFO {"timestamp": "2026-04-28T10:50:55.839386+00:00", "agent_id": "puck", "channel": "discord", "skill_name": "test_skill", "args": {"query": "hello"}, "result_summary": "\"executed\"", "error": null}
2026-04-28 20:50:55,840 pillywiggins.skill_exec INFO {"timestamp": "2026-04-28T10:50:55.840123+00:00", "agent_id": "puck", "channel": "discord", "skill_name": "json_skill", "args": {}, "result_summary": "{\"key\": \"value\"}", "error": null}
2026-04-28 20:50:55,840 pillywiggins.skill_exec INFO {"timestamp": "2026-04-28T10:50:55.840858+00:00", "agent_id": "puck", "channel": "discord", "skill_name": "strict_skill", "args": {"bad_param": "oops"}, "result_summary": "", "error": "Error calling skill strict_skill: unexpected keyword argument 'bad_param'. Available parameters: valid_param"}
2026-04-28 21:04:04,544 pillywiggins.skill_exec INFO {"timestamp": "2026-04-28T11:04:04.544428+00:00", "agent_id": "puck", "channel": "discord", "skill_name": "nofile", "args": {}, "result_summary": "", "error": "Error: skill nofile has no source file for sandbox execution"}
2026-04-28 21:04:04,545 pillywiggins.skill_exec INFO {"timestamp": "2026-04-28T11:04:04.545426+00:00", "agent_id": "puck", "channel": "discord", "skill_name": "fail_skill", "args": {}, "result_summary": "", "error": "Sandbox error in fail_skill: timeout exceeded"}
2026-04-28 21:04:04,546 pillywiggins.skill_exec INFO {"timestamp": "2026-04-28T11:04:04.546064+00:00", "agent_id": "puck", "channel": "discord", "skill_name": "str_skill", "args": {}, "result_summary": "\"hello world\"", "error": null}
2026-04-28 21:04:04,546 pillywiggins.skill_exec INFO {"timestamp": "2026-04-28T11:04:04.546681+00:00", "agent_id": "puck", "channel": "discord", "skill_name": "dict_skill", "args": {}, "result_summary": "{\"key\": \"value\"}", "error": null}
2026-04-28 21:04:04,548 pillywiggins.skill_exec INFO {"timestamp": "2026-04-28T11:04:04.548216+00:00", "agent_id": "puck", "channel": "discord", "skill_name": "test_skill", "args": {"query": "hello"}, "result_summary": "\"executed\"", "error": null}
2026-04-28 21:04:04,548 pillywiggins.skill_exec INFO {"timestamp": "2026-04-28T11:04:04.548954+00:00", "agent_id": "puck", "channel": "discord", "skill_name": "json_skill", "args": {}, "result_summary": "{\"key\": \"value\"}", "error": null}
2026-04-28 21:04:04,549 pillywiggins.skill_exec INFO {"timestamp": "2026-04-28T11:04:04.549685+00:00", "agent_id": "puck", "channel": "discord", "skill_name": "strict_skill", "args": {"bad_param": "oops"}, "result_summary": "", "error": "Error calling skill strict_skill: unexpected keyword argument 'bad_param'. Available parameters: valid_param"}
2026-04-28 22:25:51,422 pillywiggins.skill_exec INFO {"timestamp": "2026-04-28T22:25:51.422046+00:00", "agent_id": "puck", "channel": "discord", "skill_name": "greet", "args": {"name": "world"}, "result_summary": "\"hello from skill\"", "error": null}
2026-04-28 22:25:51,425 pillywiggins.skill_exec INFO {"timestamp": "2026-04-28T22:25:51.425210+00:00", "agent_id": "puck", "channel": "discord", "skill_name": "echo", "args": {"text": "hello"}, "result_summary": "\"echoed\"", "error": null}
2026-04-28 22:25:51,431 pillywiggins.skill_exec INFO {"timestamp": "2026-04-28T22:25:51.431245+00:00", "agent_id": "puck", "channel": "discord", "skill_name": "json_skill", "args": {}, "result_summary": "{\"key\": \"value\", \"count\": 42}", "error": null}
2026-04-28 22:25:51,433 pillywiggins.skill_exec INFO {"timestamp": "2026-04-28T22:25:51.433199+00:00", "agent_id": "puck", "channel": "discord", "skill_name": "list_skill", "args": {}, "result_summary": "[1, 2, 3]", "error": null}
2026-04-28 22:25:51,435 pillywiggins.skill_exec INFO {"timestamp": "2026-04-28T22:25:51.435251+00:00", "agent_id": "puck", "channel": "discord", "skill_name": "count_skill", "args": {}, "result_summary": "42", "error": null}
2026-04-28 22:25:51,437 pillywiggins.skill_exec INFO {"timestamp": "2026-04-28T22:25:51.437197+00:00", "agent_id": "puck", "channel": "discord", "skill_name": "param_skill", "args": {"city": "London", "units": "fahrenheit"}, "result_summary": "\"done\"", "error": null}
2026-04-28 22:25:51,444 pillywiggins.skill_exec INFO {"timestamp": "2026-04-28T22:25:51.444775+00:00", "agent_id": "puck", "channel": "discord", "skill_name": "no_params", "args": {}, "result_summary": "\"no args needed\"", "error": null}
2026-04-28 22:25:51,448 pillywiggins.skill_exec INFO {"timestamp": "2026-04-28T22:25:51.448048+00:00", "agent_id": "puck", "channel": "discord", "skill_name": "bare", "args": {"unexpected_arg": "wait"}, "result_summary": "\"ok\"", "error": null}
2026-04-28 22:25:51,451 pillywiggins.skill_exec INFO {"timestamp": "2026-04-28T22:25:51.451365+00:00", "agent_id": "puck", "channel": "discord", "skill_name": "perm_skill", "args": {"x": "test"}, "result_summary": "\"ran anyway\"", "error": null}
2026-04-28 22:25:51,453 pillywiggins.skill_exec INFO {"timestamp": "2026-04-28T22:25:51.453097+00:00", "agent_id": "puck", "channel": "discord", "skill_name": "broken", "args": {}, "result_summary": "", "error": "Error calling skill broken: 'NoneType' object is not callable. Available parameters: "}
2026-04-28 22:25:51,454 pillywiggins.skill_exec INFO {"timestamp": "2026-04-28T22:25:51.454832+00:00", "agent_id": "puck", "channel": "discord", "skill_name": "strict", "args": {"wrong_param": "oops"}, "result_summary": "", "error": "Error calling skill strict: TestMakeSkillToolMissingRunFunction.test_skill_run_func_with_wrong_signature_gives_error_message.<locals>.strict_run() got an unexpected keyword argument 'wrong_param'. Available parameters: required_arg"}
2026-04-28 22:25:51,456 pillywiggins.skill_exec INFO {"timestamp": "2026-04-28T22:25:51.456583+00:00", "agent_id": "puck", "channel": "discord", "skill_name": "two_arg", "args": {"a": "hello"}, "result_summary": "", "error": "Error calling skill two_arg: TestMakeSkillToolMissingRunFunction.test_skill_run_func_type_error_returns_available_params.<locals>.two_params() missing 1 required positional argument: 'b'. Available parameters: a, b"}
2026-04-28 22:25:51,458 pillywiggins.skill_exec INFO {"timestamp": "2026-04-28T22:25:51.458327+00:00", "agent_id": "puck", "channel": "discord", "skill_name": "fwd", "args": {"foo": "bar", "baz": 42}, "result_summary": "\"ok\"", "error": null}
2026-04-28 22:25:51,460 pillywiggins.skill_exec INFO {"timestamp": "2026-04-28T22:25:51.460054+00:00", "agent_id": "puck", "channel": "discord", "skill_name": "fwd_empty", "args": {}, "result_summary": "\"ok\"", "error": null}
2026-04-28 22:25:51,461 pillywiggins.skill_exec INFO {"timestamp": "2026-04-28T22:25:51.461915+00:00", "agent_id": "puck", "channel": "discord", "skill_name": "ctx_check", "args": {"key": "<REDACTED>"}, "result_summary": "\"ok\"", "error": null}
2026-04-28 22:25:51,463 pillywiggins.skill_exec INFO {"timestamp": "2026-04-28T22:25:51.463863+00:00", "agent_id": "puck", "channel": "discord", "skill_name": "complex", "args": {"items": [1, 2, 3], "config": {"a": true}}, "result_summary": "\"ok\"", "error": null}
2026-04-29 08:34:33,297 pillywiggins.skill_exec INFO {"timestamp": "2026-04-28T22:34:33.297692+00:00", "agent_id": "puck", "channel": "discord", "skill_name": "nofile", "args": {}, "result_summary": "", "error": "Error: skill nofile has no source file for sandbox execution"}
2026-04-29 08:34:33,298 pillywiggins.skill_exec INFO {"timestamp": "2026-04-28T22:34:33.298638+00:00", "agent_id": "puck", "channel": "discord", "skill_name": "fail_skill", "args": {}, "result_summary": "", "error": "Sandbox error in fail_skill: timeout exceeded"}
2026-04-29 08:34:33,299 pillywiggins.skill_exec INFO {"timestamp": "2026-04-28T22:34:33.299267+00:00", "agent_id": "puck", "channel": "discord", "skill_name": "str_skill", "args": {}, "result_summary": "\"hello world\"", "error": null}
2026-04-29 08:34:33,299 pillywiggins.skill_exec INFO {"timestamp": "2026-04-28T22:34:33.299883+00:00", "agent_id": "puck", "channel": "discord", "skill_name": "dict_skill", "args": {}, "result_summary": "{\"key\": \"value\"}", "error": null}
2026-04-29 08:34:33,301 pillywiggins.skill_exec INFO {"timestamp": "2026-04-28T22:34:33.301357+00:00", "agent_id": "puck", "channel": "discord", "skill_name": "test_skill", "args": {"query": "hello"}, "result_summary": "\"executed\"", "error": null}
2026-04-29 08:34:33,302 pillywiggins.skill_exec INFO {"timestamp": "2026-04-28T22:34:33.302066+00:00", "agent_id": "puck", "channel": "discord", "skill_name": "json_skill", "args": {}, "result_summary": "{\"key\": \"value\"}", "error": null}
2026-04-29 08:34:33,302 pillywiggins.skill_exec INFO {"timestamp": "2026-04-28T22:34:33.302779+00:00", "agent_id": "puck", "channel": "discord", "skill_name": "strict_skill", "args": {"bad_param": "oops"}, "result_summary": "", "error": "Error calling skill strict_skill: unexpected keyword argument 'bad_param'. Available parameters: valid_param"}
2026-04-29 08:42:46,239 pillywiggins.skill_exec INFO {"timestamp": "2026-04-28T22:42:46.239056+00:00", "agent_id": "puck", "channel": "discord", "skill_name": "nofile", "args": {}, "result_summary": "", "error": "Error: skill nofile has no source file for sandbox execution"}
2026-04-29 08:42:46,239 pillywiggins.skill_exec INFO {"timestamp": "2026-04-28T22:42:46.239916+00:00", "agent_id": "puck", "channel": "discord", "skill_name": "fail_skill", "args": {}, "result_summary": "", "error": "Sandbox error in fail_skill: timeout exceeded"}
2026-04-29 08:42:46,240 pillywiggins.skill_exec INFO {"timestamp": "2026-04-28T22:42:46.240576+00:00", "agent_id": "puck", "channel": "discord", "skill_name": "str_skill", "args": {}, "result_summary": "\"hello world\"", "error": null}
2026-04-29 08:42:46,241 pillywiggins.skill_exec INFO {"timestamp": "2026-04-28T22:42:46.241198+00:00", "agent_id": "puck", "channel": "discord", "skill_name": "dict_skill", "args": {}, "result_summary": "{\"key\": \"value\"}", "error": null}
2026-04-29 08:42:46,242 pillywiggins.skill_exec INFO {"timestamp": "2026-04-28T22:42:46.242703+00:00", "agent_id": "puck", "channel": "discord", "skill_name": "test_skill", "args": {"query": "hello"}, "result_summary": "\"executed\"", "error": null}
2026-04-29 08:42:46,243 pillywiggins.skill_exec INFO {"timestamp": "2026-04-28T22:42:46.243444+00:00", "agent_id": "puck", "channel": "discord", "skill_name": "json_skill", "args": {}, "result_summary": "{\"key\": \"value\"}", "error": null}
2026-04-29 08:42:46,244 pillywiggins.skill_exec INFO {"timestamp": "2026-04-28T22:42:46.244192+00:00", "agent_id": "puck", "channel": "discord", "skill_name": "strict_skill", "args": {"bad_param": "oops"}, "result_summary": "", "error": "Error calling skill strict_skill: unexpected keyword argument 'bad_param'. Available parameters: valid_param"}
2026-04-29 08:43:04,276 pillywiggins.skill_exec INFO {"timestamp": "2026-04-28T22:43:04.276146+00:00", "agent_id": "puck", "channel": "discord", "skill_name": "nofile", "args": {}, "result_summary": "", "error": "Error: skill nofile has no source file for sandbox execution"}
2026-04-29 08:43:04,276 pillywiggins.skill_exec INFO {"timestamp": "2026-04-28T22:43:04.276955+00:00", "agent_id": "puck", "channel": "discord", "skill_name": "fail_skill", "args": {}, "result_summary": "", "error": "Sandbox error in fail_skill: timeout exceeded"}
2026-04-29 08:43:04,277 pillywiggins.skill_exec INFO {"timestamp": "2026-04-28T22:43:04.277600+00:00", "agent_id": "puck", "channel": "discord", "skill_name": "str_skill", "args": {}, "result_summary": "\"hello world\"", "error": null}
2026-04-29 08:43:04,278 pillywiggins.skill_exec INFO {"timestamp": "2026-04-28T22:43:04.278209+00:00", "agent_id": "puck", "channel": "discord", "skill_name": "dict_skill", "args": {}, "result_summary": "{\"key\": \"value\"}", "error": null}
2026-04-29 08:43:04,279 pillywiggins.skill_exec INFO {"timestamp": "2026-04-28T22:43:04.279696+00:00", "agent_id": "puck", "channel": "discord", "skill_name": "test_skill", "args": {"query": "hello"}, "result_summary": "\"executed\"", "error": null}
2026-04-29 08:43:04,280 pillywiggins.skill_exec INFO {"timestamp": "2026-04-28T22:43:04.280413+00:00", "agent_id": "puck", "channel": "discord", "skill_name": "json_skill", "args": {}, "result_summary": "{\"key\": \"value\"}", "error": null}
2026-04-29 08:43:04,281 pillywiggins.skill_exec INFO {"timestamp": "2026-04-28T22:43:04.281126+00:00", "agent_id": "puck", "channel": "discord", "skill_name": "strict_skill", "args": {"bad_param": "oops"}, "result_summary": "", "error": "Error calling skill strict_skill: unexpected keyword argument 'bad_param'. Available parameters: valid_param"}
2026-04-29 08:43:57,948 pillywiggins.skill_exec INFO {"timestamp": "2026-04-28T22:43:57.948060+00:00", "agent_id": "puck", "channel": "discord", "skill_name": "nofile", "args": {}, "result_summary": "", "error": "Error: skill nofile has no source file for sandbox execution"}
2026-04-29 08:43:57,948 pillywiggins.skill_exec INFO {"timestamp": "2026-04-28T22:43:57.948972+00:00", "agent_id": "puck", "channel": "discord", "skill_name": "fail_skill", "args": {}, "result_summary": "", "error": "Sandbox error in fail_skill: timeout exceeded"}
2026-04-29 08:43:57,949 pillywiggins.skill_exec INFO {"timestamp": "2026-04-28T22:43:57.949618+00:00", "agent_id": "puck", "channel": "discord", "skill_name": "str_skill", "args": {}, "result_summary": "\"hello world\"", "error": null}
2026-04-29 08:43:57,950 pillywiggins.skill_exec INFO {"timestamp": "2026-04-28T22:43:57.950235+00:00", "agent_id": "puck", "channel": "discord", "skill_name": "dict_skill", "args": {}, "result_summary": "{\"key\": \"value\"}", "error": null}
2026-04-29 08:43:57,951 pillywiggins.skill_exec INFO {"timestamp": "2026-04-28T22:43:57.951764+00:00", "agent_id": "puck", "channel": "discord", "skill_name": "test_skill", "args": {"query": "hello"}, "result_summary": "\"executed\"", "error": null}
2026-04-29 08:43:57,952 pillywiggins.skill_exec INFO {"timestamp": "2026-04-28T22:43:57.952505+00:00", "agent_id": "puck", "channel": "discord", "skill_name": "json_skill", "args": {}, "result_summary": "{\"key\": \"value\"}", "error": null}
2026-04-29 08:43:57,953 pillywiggins.skill_exec INFO {"timestamp": "2026-04-28T22:43:57.953239+00:00", "agent_id": "puck", "channel": "discord", "skill_name": "strict_skill", "args": {"bad_param": "oops"}, "result_summary": "", "error": "Error calling skill strict_skill: unexpected keyword argument 'bad_param'. Available parameters: valid_param"}
2026-04-29 08:44:52,199 pillywiggins.skill_exec INFO {"timestamp": "2026-04-28T22:44:52.199605+00:00", "agent_id": "puck", "channel": "discord", "skill_name": "nofile", "args": {}, "result_summary": "", "error": "Error: skill nofile has no source file for sandbox execution"}
2026-04-29 08:44:52,200 pillywiggins.skill_exec INFO {"timestamp": "2026-04-28T22:44:52.200414+00:00", "agent_id": "puck", "channel": "discord", "skill_name": "fail_skill", "args": {}, "result_summary": "", "error": "Sandbox error in fail_skill: timeout exceeded"}
2026-04-29 08:44:52,201 pillywiggins.skill_exec INFO {"timestamp": "2026-04-28T22:44:52.201052+00:00", "agent_id": "puck", "channel": "discord", "skill_name": "str_skill", "args": {}, "result_summary": "\"hello world\"", "error": null}
2026-04-29 08:44:52,201 pillywiggins.skill_exec INFO {"timestamp": "2026-04-28T22:44:52.201663+00:00", "agent_id": "puck", "channel": "discord", "skill_name": "dict_skill", "args": {}, "result_summary": "{\"key\": \"value\"}", "error": null}
2026-04-29 08:44:52,203 pillywiggins.skill_exec INFO {"timestamp": "2026-04-28T22:44:52.203147+00:00", "agent_id": "puck", "channel": "discord", "skill_name": "test_skill", "args": {"query": "hello"}, "result_summary": "\"executed\"", "error": null}
2026-04-29 08:44:52,203 pillywiggins.skill_exec INFO {"timestamp": "2026-04-28T22:44:52.203865+00:00", "agent_id": "puck", "channel": "discord", "skill_name": "json_skill", "args": {}, "result_summary": "{\"key\": \"value\"}", "error": null}
2026-04-29 08:44:52,204 pillywiggins.skill_exec INFO {"timestamp": "2026-04-28T22:44:52.204588+00:00", "agent_id": "puck", "channel": "discord", "skill_name": "strict_skill", "args": {"bad_param": "oops"}, "result_summary": "", "error": "Error calling skill strict_skill: unexpected keyword argument 'bad_param'. Available parameters: valid_param"}
2026-04-29 08:45:23,463 pillywiggins.skill_exec INFO {"timestamp": "2026-04-28T22:45:23.463342+00:00", "agent_id": "puck", "channel": "discord", "skill_name": "nofile", "args": {}, "result_summary": "", "error": "Error: skill nofile has no source file for sandbox execution"}
2026-04-29 08:45:23,464 pillywiggins.skill_exec INFO {"timestamp": "2026-04-28T22:45:23.464261+00:00", "agent_id": "puck", "channel": "discord", "skill_name": "fail_skill", "args": {}, "result_summary": "", "error": "Sandbox error in fail_skill: timeout exceeded"}
2026-04-29 08:45:23,464 pillywiggins.skill_exec INFO {"timestamp": "2026-04-28T22:45:23.464941+00:00", "agent_id": "puck", "channel": "discord", "skill_name": "str_skill", "args": {}, "result_summary": "\"hello world\"", "error": null}
2026-04-29 08:45:23,465 pillywiggins.skill_exec INFO {"timestamp": "2026-04-28T22:45:23.465571+00:00", "agent_id": "puck", "channel": "discord", "skill_name": "dict_skill", "args": {}, "result_summary": "{\"key\": \"value\"}", "error": null}
2026-04-29 08:45:23,467 pillywiggins.skill_exec INFO {"timestamp": "2026-04-28T22:45:23.467062+00:00", "agent_id": "puck", "channel": "discord", "skill_name": "test_skill", "args": {"query": "hello"}, "result_summary": "\"executed\"", "error": null}
2026-04-29 08:45:23,467 pillywiggins.skill_exec INFO {"timestamp": "2026-04-28T22:45:23.467838+00:00", "agent_id": "puck", "channel": "discord", "skill_name": "json_skill", "args": {}, "result_summary": "{\"key\": \"value\"}", "error": null}
2026-04-29 08:45:23,468 pillywiggins.skill_exec INFO {"timestamp": "2026-04-28T22:45:23.468616+00:00", "agent_id": "puck", "channel": "discord", "skill_name": "strict_skill", "args": {"bad_param": "oops"}, "result_summary": "", "error": "Error calling skill strict_skill: unexpected keyword argument 'bad_param'. Available parameters: valid_param"}
2026-04-29 08:45:37,804 pillywiggins.skill_exec INFO {"timestamp": "2026-04-28T22:45:37.804843+00:00", "agent_id": "puck", "channel": "discord", "skill_name": "nofile", "args": {}, "result_summary": "", "error": "Error: skill nofile has no source file for sandbox execution"}
2026-04-29 08:45:37,805 pillywiggins.skill_exec INFO {"timestamp": "2026-04-28T22:45:37.805676+00:00", "agent_id": "puck", "channel": "discord", "skill_name": "fail_skill", "args": {}, "result_summary": "", "error": "Sandbox error in fail_skill: timeout exceeded"}
2026-04-29 08:45:37,806 pillywiggins.skill_exec INFO {"timestamp": "2026-04-28T22:45:37.806323+00:00", "agent_id": "puck", "channel": "discord", "skill_name": "str_skill", "args": {}, "result_summary": "\"hello world\"", "error": null}
2026-04-29 08:45:37,806 pillywiggins.skill_exec INFO {"timestamp": "2026-04-28T22:45:37.806951+00:00", "agent_id": "puck", "channel": "discord", "skill_name": "dict_skill", "args": {}, "result_summary": "{\"key\": \"value\"}", "error": null}
2026-04-29 08:45:37,808 pillywiggins.skill_exec INFO {"timestamp": "2026-04-28T22:45:37.808518+00:00", "agent_id": "puck", "channel": "discord", "skill_name": "test_skill", "args": {"query": "hello"}, "result_summary": "\"executed\"", "error": null}
2026-04-29 08:45:37,809 pillywiggins.skill_exec INFO {"timestamp": "2026-04-28T22:45:37.809306+00:00", "agent_id": "puck", "channel": "discord", "skill_name": "json_skill", "args": {}, "result_summary": "{\"key\": \"value\"}", "error": null}
2026-04-29 08:45:37,810 pillywiggins.skill_exec INFO {"timestamp": "2026-04-28T22:45:37.810086+00:00", "agent_id": "puck", "channel": "discord", "skill_name": "strict_skill", "args": {"bad_param": "oops"}, "result_summary": "", "error": "Error calling skill strict_skill: unexpected keyword argument 'bad_param'. Available parameters: valid_param"}
2026-04-28 23:14:34,916 pillywiggins.skill_exec INFO {"timestamp": "2026-04-28T23:14:34.915784+00:00", "agent_id": "puck", "channel": "discord", "skill_name": "nofile", "args": {}, "result_summary": "", "error": "Error: skill nofile has no source file for sandbox execution"}
2026-04-28 23:14:34,917 pillywiggins.skill_exec INFO {"timestamp": "2026-04-28T23:14:34.917400+00:00", "agent_id": "puck", "channel": "discord", "skill_name": "fail_skill", "args": {}, "result_summary": "", "error": "Sandbox error in fail_skill: timeout exceeded"}
2026-04-28 23:14:34,918 pillywiggins.skill_exec INFO {"timestamp": "2026-04-28T23:14:34.918690+00:00", "agent_id": "puck", "channel": "discord", "skill_name": "str_skill", "args": {}, "result_summary": "\"hello world\"", "error": null}
2026-04-28 23:14:34,920 pillywiggins.skill_exec INFO {"timestamp": "2026-04-28T23:14:34.920237+00:00", "agent_id": "puck", "channel": "discord", "skill_name": "dict_skill", "args": {}, "result_summary": "{\"key\": \"value\"}", "error": null}
2026-04-28 23:14:34,922 pillywiggins.skill_exec INFO {"timestamp": "2026-04-28T23:14:34.922637+00:00", "agent_id": "puck", "channel": "discord", "skill_name": "test_skill", "args": {"query": "hello"}, "result_summary": "\"executed\"", "error": null}
2026-04-28 23:14:34,923 pillywiggins.skill_exec INFO {"timestamp": "2026-04-28T23:14:34.923576+00:00", "agent_id": "puck", "channel": "discord", "skill_name": "json_skill", "args": {}, "result_summary": "{\"key\": \"value\"}", "error": null}
2026-04-28 23:14:34,924 pillywiggins.skill_exec INFO {"timestamp": "2026-04-28T23:14:34.924456+00:00", "agent_id": "puck", "channel": "discord", "skill_name": "strict_skill", "args": {"bad_param": "oops"}, "result_summary": "", "error": "Error calling skill strict_skill: unexpected keyword argument 'bad_param'. Available parameters: valid_param"}
2026-04-28 23:15:15,873 pillywiggins.skill_exec INFO {"timestamp": "2026-04-28T23:15:15.873031+00:00", "agent_id": "puck", "channel": "discord", "skill_name": "greet", "args": {"name": "world"}, "result_summary": "\"hello from skill\"", "error": null}
2026-04-28 23:15:15,876 pillywiggins.skill_exec INFO {"timestamp": "2026-04-28T23:15:15.876934+00:00", "agent_id": "puck", "channel": "discord", "skill_name": "echo", "args": {"text": "hello"}, "result_summary": "\"echoed\"", "error": null}
2026-04-28 23:15:15,879 pillywiggins.skill_exec INFO {"timestamp": "2026-04-28T23:15:15.879189+00:00", "agent_id": "puck", "channel": "discord", "skill_name": "json_skill", "args": {}, "result_summary": "{\"key\": \"value\", \"count\": 42}", "error": null}
2026-04-28 23:15:15,881 pillywiggins.skill_exec INFO {"timestamp": "2026-04-28T23:15:15.881129+00:00", "agent_id": "puck", "channel": "discord", "skill_name": "list_skill", "args": {}, "result_summary": "[1, 2, 3]", "error": null}
2026-04-28 23:15:15,883 pillywiggins.skill_exec INFO {"timestamp": "2026-04-28T23:15:15.883239+00:00", "agent_id": "puck", "channel": "discord", "skill_name": "count_skill", "args": {}, "result_summary": "42", "error": null}
2026-04-28 23:15:15,885 pillywiggins.skill_exec INFO {"timestamp": "2026-04-28T23:15:15.885546+00:00", "agent_id": "puck", "channel": "discord", "skill_name": "param_skill", "args": {"city": "London", "units": "fahrenheit"}, "result_summary": "\"done\"", "error": null}
2026-04-28 23:15:15,891 pillywiggins.skill_exec INFO {"timestamp": "2026-04-28T23:15:15.891400+00:00", "agent_id": "puck", "channel": "discord", "skill_name": "no_params", "args": {}, "result_summary": "\"no args needed\"", "error": null}
2026-04-28 23:15:15,893 pillywiggins.skill_exec INFO {"timestamp": "2026-04-28T23:15:15.893566+00:00", "agent_id": "puck", "channel": "discord", "skill_name": "bare", "args": {"unexpected_arg": "wait"}, "result_summary": "\"ok\"", "error": null}
2026-04-28 23:15:15,897 pillywiggins.skill_exec INFO {"timestamp": "2026-04-28T23:15:15.897071+00:00", "agent_id": "puck", "channel": "discord", "skill_name": "perm_skill", "args": {"x": "test"}, "result_summary": "\"ran anyway\"", "error": null}
2026-04-28 23:15:15,898 pillywiggins.skill_exec INFO {"timestamp": "2026-04-28T23:15:15.898875+00:00", "agent_id": "puck", "channel": "discord", "skill_name": "broken", "args": {}, "result_summary": "", "error": "Error calling skill broken: 'NoneType' object is not callable. Available parameters: "}
2026-04-28 23:15:15,900 pillywiggins.skill_exec INFO {"timestamp": "2026-04-28T23:15:15.900733+00:00", "agent_id": "puck", "channel": "discord", "skill_name": "strict", "args": {"wrong_param": "oops"}, "result_summary": "", "error": "Error calling skill strict: TestMakeSkillToolMissingRunFunction.test_skill_run_func_with_wrong_signature_gives_error_message.<locals>.strict_run() got an unexpected keyword argument 'wrong_param'. Available parameters: required_arg"}
2026-04-28 23:15:15,902 pillywiggins.skill_exec INFO {"timestamp": "2026-04-28T23:15:15.902708+00:00", "agent_id": "puck", "channel": "discord", "skill_name": "two_arg", "args": {"a": "hello"}, "result_summary": "", "error": "Error calling skill two_arg: TestMakeSkillToolMissingRunFunction.test_skill_run_func_type_error_returns_available_params.<locals>.two_params() missing 1 required positional argument: 'b'. Available parameters: a, b"}
2026-04-28 23:15:15,905 pillywiggins.skill_exec INFO {"timestamp": "2026-04-28T23:15:15.904983+00:00", "agent_id": "puck", "channel": "discord", "skill_name": "fwd", "args": {"foo": "bar", "baz": 42}, "result_summary": "\"ok\"", "error": null}
2026-04-28 23:15:15,906 pillywiggins.skill_exec INFO {"timestamp": "2026-04-28T23:15:15.906964+00:00", "agent_id": "puck", "channel": "discord", "skill_name": "fwd_empty", "args": {}, "result_summary": "\"ok\"", "error": null}
2026-04-28 23:15:15,908 pillywiggins.skill_exec INFO {"timestamp": "2026-04-28T23:15:15.908784+00:00", "agent_id": "puck", "channel": "discord", "skill_name": "ctx_check", "args": {"key": "<REDACTED>"}, "result_summary": "\"ok\"", "error": null}
2026-04-28 23:15:15,911 pillywiggins.skill_exec INFO {"timestamp": "2026-04-28T23:15:15.911178+00:00", "agent_id": "puck", "channel": "discord", "skill_name": "complex", "args": {"items": [1, 2, 3], "config": {"a": true}}, "result_summary": "\"ok\"", "error": null}
2026-04-29 09:16:34,069 pillywiggins.skill_exec INFO {"timestamp": "2026-04-28T23:16:34.069663+00:00", "agent_id": "puck", "channel": "discord", "skill_name": "nofile", "args": {}, "result_summary": "", "error": "Error: skill nofile has no source file for sandbox execution"}
2026-04-29 09:16:34,072 pillywiggins.skill_exec INFO {"timestamp": "2026-04-28T23:16:34.072049+00:00", "agent_id": "puck", "channel": "discord", "skill_name": "fail_skill", "args": {}, "result_summary": "", "error": "Sandbox error in fail_skill: timeout exceeded"}
2026-04-29 09:16:34,073 pillywiggins.skill_exec INFO {"timestamp": "2026-04-28T23:16:34.073644+00:00", "agent_id": "puck", "channel": "discord", "skill_name": "str_skill", "args": {}, "result_summary": "\"hello world\"", "error": null}
2026-04-29 09:16:34,074 pillywiggins.skill_exec INFO {"timestamp": "2026-04-28T23:16:34.074512+00:00", "agent_id": "puck", "channel": "discord", "skill_name": "dict_skill", "args": {}, "result_summary": "{\"key\": \"value\"}", "error": null}
2026-04-29 09:16:34,076 pillywiggins.skill_exec INFO {"timestamp": "2026-04-28T23:16:34.076451+00:00", "agent_id": "puck", "channel": "discord", "skill_name": "test_skill", "args": {"query": "hello"}, "result_summary": "\"executed\"", "error": null}
2026-04-29 09:16:34,077 pillywiggins.skill_exec INFO {"timestamp": "2026-04-28T23:16:34.077323+00:00", "agent_id": "puck", "channel": "discord", "skill_name": "json_skill", "args": {}, "result_summary": "{\"key\": \"value\"}", "error": null}
2026-04-29 09:16:34,078 pillywiggins.skill_exec INFO {"timestamp": "2026-04-28T23:16:34.078175+00:00", "agent_id": "puck", "channel": "discord", "skill_name": "strict_skill", "args": {"bad_param": "oops"}, "result_summary": "", "error": "Error calling skill strict_skill: unexpected keyword argument 'bad_param'. Available parameters: valid_param"}
2026-04-29 09:17:54,996 pillywiggins.skill_exec INFO {"timestamp": "2026-04-28T23:17:54.996784+00:00", "agent_id": "puck", "channel": "discord", "skill_name": "nofile", "args": {}, "result_summary": "", "error": "Error: skill nofile has no source file for sandbox execution"}
2026-04-29 09:17:54,998 pillywiggins.skill_exec INFO {"timestamp": "2026-04-28T23:17:54.998511+00:00", "agent_id": "puck", "channel": "discord", "skill_name": "fail_skill", "args": {}, "result_summary": "", "error": "Sandbox error in fail_skill: timeout exceeded"}
2026-04-29 09:17:54,999 pillywiggins.skill_exec INFO {"timestamp": "2026-04-28T23:17:54.999267+00:00", "agent_id": "puck", "channel": "discord", "skill_name": "str_skill", "args": {}, "result_summary": "\"hello world\"", "error": null}
2026-04-29 09:17:55,000 pillywiggins.skill_exec INFO {"timestamp": "2026-04-28T23:17:55.000035+00:00", "agent_id": "puck", "channel": "discord", "skill_name": "dict_skill", "args": {}, "result_summary": "{\"key\": \"value\"}", "error": null}
2026-04-29 09:17:55,002 pillywiggins.skill_exec INFO {"timestamp": "2026-04-28T23:17:55.002016+00:00", "agent_id": "puck", "channel": "discord", "skill_name": "test_skill", "args": {"query": "hello"}, "result_summary": "\"executed\"", "error": null}
2026-04-29 09:17:55,003 pillywiggins.skill_exec INFO {"timestamp": "2026-04-28T23:17:55.003087+00:00", "agent_id": "puck", "channel": "discord", "skill_name": "json_skill", "args": {}, "result_summary": "{\"key\": \"value\"}", "error": null}
2026-04-29 09:17:55,003 pillywiggins.skill_exec INFO {"timestamp": "2026-04-28T23:17:55.003952+00:00", "agent_id": "puck", "channel": "discord", "skill_name": "strict_skill", "args": {"bad_param": "oops"}, "result_summary": "", "error": "Error calling skill strict_skill: unexpected keyword argument 'bad_param'. Available parameters: valid_param"}
2026-04-29 09:18:26,959 pillywiggins.skill_exec INFO {"timestamp": "2026-04-28T23:18:26.959737+00:00", "agent_id": "puck", "channel": "discord", "skill_name": "nofile", "args": {}, "result_summary": "", "error": "Error: skill nofile has no source file for sandbox execution"}
2026-04-29 09:18:26,961 pillywiggins.skill_exec INFO {"timestamp": "2026-04-28T23:18:26.961274+00:00", "agent_id": "puck", "channel": "discord", "skill_name": "fail_skill", "args": {}, "result_summary": "", "error": "Sandbox error in fail_skill: timeout exceeded"}
2026-04-29 09:18:26,962 pillywiggins.skill_exec INFO {"timestamp": "2026-04-28T23:18:26.962156+00:00", "agent_id": "puck", "channel": "discord", "skill_name": "str_skill", "args": {}, "result_summary": "\"hello world\"", "error": null}
2026-04-29 09:18:26,962 pillywiggins.skill_exec INFO {"timestamp": "2026-04-28T23:18:26.962893+00:00", "agent_id": "puck", "channel": "discord", "skill_name": "dict_skill", "args": {}, "result_summary": "{\"key\": \"value\"}", "error": null}
2026-04-29 09:18:26,964 pillywiggins.skill_exec INFO {"timestamp": "2026-04-28T23:18:26.964669+00:00", "agent_id": "puck", "channel": "discord", "skill_name": "test_skill", "args": {"query": "hello"}, "result_summary": "\"executed\"", "error": null}
2026-04-29 09:18:26,965 pillywiggins.skill_exec INFO {"timestamp": "2026-04-28T23:18:26.965498+00:00", "agent_id": "puck", "channel": "discord", "skill_name": "json_skill", "args": {}, "result_summary": "{\"key\": \"value\"}", "error": null}
2026-04-29 09:18:26,966 pillywiggins.skill_exec INFO {"timestamp": "2026-04-28T23:18:26.966316+00:00", "agent_id": "puck", "channel": "discord", "skill_name": "strict_skill", "args": {"bad_param": "oops"}, "result_summary": "", "error": "Error calling skill strict_skill: unexpected keyword argument 'bad_param'. Available parameters: valid_param"}
2026-04-29 09:20:43,271 pillywiggins.skill_exec INFO {"timestamp": "2026-04-28T23:20:43.271453+00:00", "agent_id": "puck", "channel": "discord", "skill_name": "nofile", "args": {}, "result_summary": "", "error": "Error: skill nofile has no source file for sandbox execution"}
2026-04-29 09:20:43,272 pillywiggins.skill_exec INFO {"timestamp": "2026-04-28T23:20:43.272604+00:00", "agent_id": "puck", "channel": "discord", "skill_name": "fail_skill", "args": {}, "result_summary": "", "error": "Sandbox error in fail_skill: timeout exceeded"}
2026-04-29 09:20:43,273 pillywiggins.skill_exec INFO {"timestamp": "2026-04-28T23:20:43.273315+00:00", "agent_id": "puck", "channel": "discord", "skill_name": "str_skill", "args": {}, "result_summary": "\"hello world\"", "error": null}
2026-04-29 09:20:43,274 pillywiggins.skill_exec INFO {"timestamp": "2026-04-28T23:20:43.274025+00:00", "agent_id": "puck", "channel": "discord", "skill_name": "dict_skill", "args": {}, "result_summary": "{\"key\": \"value\"}", "error": null}
2026-04-29 09:20:43,275 pillywiggins.skill_exec INFO {"timestamp": "2026-04-28T23:20:43.275693+00:00", "agent_id": "puck", "channel": "discord", "skill_name": "test_skill", "args": {"query": "hello"}, "result_summary": "\"executed\"", "error": null}
2026-04-29 09:20:43,276 pillywiggins.skill_exec INFO {"timestamp": "2026-04-28T23:20:43.276510+00:00", "agent_id": "puck", "channel": "discord", "skill_name": "json_skill", "args": {}, "result_summary": "{\"key\": \"value\"}", "error": null}
2026-04-29 09:20:43,277 pillywiggins.skill_exec INFO {"timestamp": "2026-04-28T23:20:43.277311+00:00", "agent_id": "puck", "channel": "discord", "skill_name": "strict_skill", "args": {"bad_param": "oops"}, "result_summary": "", "error": "Error calling skill strict_skill: unexpected keyword argument 'bad_param'. Available parameters: valid_param"}
2026-04-29 16:41:30,923 pillywiggins.skill_exec INFO {"timestamp": "2026-04-29T06:41:30.923546+00:00", "agent_id": "puck", "channel": "discord", "skill_name": "nofile", "args": {}, "result_summary": "", "error": "Error: skill nofile has no source file for sandbox execution"}
2026-04-29 16:41:30,925 pillywiggins.skill_exec INFO {"timestamp": "2026-04-29T06:41:30.925419+00:00", "agent_id": "puck", "channel": "discord", "skill_name": "fail_skill", "args": {}, "result_summary": "", "error": "Sandbox error in fail_skill: timeout exceeded"}
2026-04-29 16:41:30,926 pillywiggins.skill_exec INFO {"timestamp": "2026-04-29T06:41:30.926543+00:00", "agent_id": "puck", "channel": "discord", "skill_name": "str_skill", "args": {}, "result_summary": "\"hello world\"", "error": null}
2026-04-29 16:41:30,927 pillywiggins.skill_exec INFO {"timestamp": "2026-04-29T06:41:30.927549+00:00", "agent_id": "puck", "channel": "discord", "skill_name": "dict_skill", "args": {}, "result_summary": "{\"key\": \"value\"}", "error": null}
2026-04-29 16:41:30,930 pillywiggins.skill_exec INFO {"timestamp": "2026-04-29T06:41:30.930028+00:00", "agent_id": "puck", "channel": "discord", "skill_name": "test_skill", "args": {"query": "hello"}, "result_summary": "\"executed\"", "error": null}
2026-04-29 16:41:30,931 pillywiggins.skill_exec INFO {"timestamp": "2026-04-29T06:41:30.931231+00:00", "agent_id": "puck", "channel": "discord", "skill_name": "json_skill", "args": {}, "result_summary": "{\"key\": \"value\"}", "error": null}
2026-04-29 16:41:30,932 pillywiggins.skill_exec INFO {"timestamp": "2026-04-29T06:41:30.932430+00:00", "agent_id": "puck", "channel": "discord", "skill_name": "strict_skill", "args": {"bad_param": "oops"}, "result_summary": "", "error": "Error calling skill strict_skill: unexpected keyword argument 'bad_param'. Available parameters: valid_param"}
2026-04-29 16:56:32,685 pillywiggins.skill_exec INFO {"timestamp": "2026-04-29T06:56:32.684930+00:00", "agent_id": "puck", "channel": "discord", "skill_name": "nofile", "args": {}, "result_summary": "", "error": "Error: skill nofile has no source file for sandbox execution"}
2026-04-29 16:56:32,686 pillywiggins.skill_exec INFO {"timestamp": "2026-04-29T06:56:32.686735+00:00", "agent_id": "puck", "channel": "discord", "skill_name": "fail_skill", "args": {}, "result_summary": "", "error": "Sandbox error in fail_skill: timeout exceeded"}
2026-04-29 16:56:32,688 pillywiggins.skill_exec INFO {"timestamp": "2026-04-29T06:56:32.687984+00:00", "agent_id": "puck", "channel": "discord", "skill_name": "str_skill", "args": {}, "result_summary": "\"hello world\"", "error": null}
2026-04-29 16:56:32,689 pillywiggins.skill_exec INFO {"timestamp": "2026-04-29T06:56:32.689179+00:00", "agent_id": "puck", "channel": "discord", "skill_name": "dict_skill", "args": {}, "result_summary": "{\"key\": \"value\"}", "error": null}
2026-04-29 16:56:32,692 pillywiggins.skill_exec INFO {"timestamp": "2026-04-29T06:56:32.692065+00:00", "agent_id": "puck", "channel": "discord", "skill_name": "test_skill", "args": {"query": "hello"}, "result_summary": "\"executed\"", "error": null}
2026-04-29 16:56:32,693 pillywiggins.skill_exec INFO {"timestamp": "2026-04-29T06:56:32.693427+00:00", "agent_id": "puck", "channel": "discord", "skill_name": "json_skill", "args": {}, "result_summary": "{\"key\": \"value\"}", "error": null}
2026-04-29 16:56:32,694 pillywiggins.skill_exec INFO {"timestamp": "2026-04-29T06:56:32.694769+00:00", "agent_id": "puck", "channel": "discord", "skill_name": "strict_skill", "args": {"bad_param": "oops"}, "result_summary": "", "error": "Error calling skill strict_skill: unexpected keyword argument 'bad_param'. Available parameters: valid_param"}
2026-04-30 10:53:18,724 pillywiggins.skill_exec INFO {"timestamp": "2026-04-30T10:53:18.724420+00:00", "agent_id": "puck", "channel": "discord", "skill_name": "nofile", "args": {}, "result_summary": "", "error": "Error: skill nofile has no source file for sandbox execution"}
2026-04-30 10:53:18,726 pillywiggins.skill_exec INFO {"timestamp": "2026-04-30T10:53:18.726256+00:00", "agent_id": "puck", "channel": "discord", "skill_name": "fail_skill", "args": {}, "result_summary": "", "error": "Sandbox error in fail_skill: timeout exceeded"}
2026-04-30 10:53:18,727 pillywiggins.skill_exec INFO {"timestamp": "2026-04-30T10:53:18.727469+00:00", "agent_id": "puck", "channel": "discord", "skill_name": "str_skill", "args": {}, "result_summary": "\"hello world\"", "error": null}
2026-04-30 10:53:18,728 pillywiggins.skill_exec INFO {"timestamp": "2026-04-30T10:53:18.728606+00:00", "agent_id": "puck", "channel": "discord", "skill_name": "dict_skill", "args": {}, "result_summary": "{\"key\": \"value\"}", "error": null}
2026-04-30 10:53:18,731 pillywiggins.skill_exec INFO {"timestamp": "2026-04-30T10:53:18.731395+00:00", "agent_id": "puck", "channel": "discord", "skill_name": "test_skill", "args": {"query": "hello"}, "result_summary": "\"executed\"", "error": null}
2026-04-30 10:53:18,732 pillywiggins.skill_exec INFO {"timestamp": "2026-04-30T10:53:18.732938+00:00", "agent_id": "puck", "channel": "discord", "skill_name": "json_skill", "args": {}, "result_summary": "{\"key\": \"value\"}", "error": null}
2026-04-30 10:53:18,734 pillywiggins.skill_exec INFO {"timestamp": "2026-04-30T10:53:18.734879+00:00", "agent_id": "puck", "channel": "discord", "skill_name": "strict_skill", "args": {"bad_param": "oops"}, "result_summary": "", "error": "Error calling skill strict_skill: unexpected keyword argument 'bad_param'. Available parameters: valid_param"}
2026-04-30 10:54:02,766 pillywiggins.skill_exec INFO {"timestamp": "2026-04-30T10:54:02.766744+00:00", "agent_id": "puck", "channel": "discord", "skill_name": "greet", "args": {"name": "world"}, "result_summary": "\"hello from skill\"", "error": null}
2026-04-30 10:54:02,772 pillywiggins.skill_exec INFO {"timestamp": "2026-04-30T10:54:02.772893+00:00", "agent_id": "puck", "channel": "discord", "skill_name": "echo", "args": {"text": "hello"}, "result_summary": "\"echoed\"", "error": null}
2026-04-30 10:54:02,776 pillywiggins.skill_exec INFO {"timestamp": "2026-04-30T10:54:02.776032+00:00", "agent_id": "puck", "channel": "discord", "skill_name": "json_skill", "args": {}, "result_summary": "{\"key\": \"value\", \"count\": 42}", "error": null}
2026-04-30 10:54:02,779 pillywiggins.skill_exec INFO {"timestamp": "2026-04-30T10:54:02.779829+00:00", "agent_id": "puck", "channel": "discord", "skill_name": "list_skill", "args": {}, "result_summary": "[1, 2, 3]", "error": null}
2026-04-30 10:54:02,782 pillywiggins.skill_exec INFO {"timestamp": "2026-04-30T10:54:02.782848+00:00", "agent_id": "puck", "channel": "discord", "skill_name": "count_skill", "args": {}, "result_summary": "42", "error": null}
2026-04-30 10:54:02,785 pillywiggins.skill_exec INFO {"timestamp": "2026-04-30T10:54:02.785825+00:00", "agent_id": "puck", "channel": "discord", "skill_name": "param_skill", "args": {"city": "London", "units": "fahrenheit"}, "result_summary": "\"done\"", "error": null}
2026-04-30 10:54:02,794 pillywiggins.skill_exec INFO {"timestamp": "2026-04-30T10:54:02.794227+00:00", "agent_id": "puck", "channel": "discord", "skill_name": "no_params", "args": {}, "result_summary": "\"no args needed\"", "error": null}
2026-04-30 10:54:02,797 pillywiggins.skill_exec INFO {"timestamp": "2026-04-30T10:54:02.797371+00:00", "agent_id": "puck", "channel": "discord", "skill_name": "bare", "args": {"unexpected_arg": "wait"}, "result_summary": "\"ok\"", "error": null}
2026-04-30 10:54:02,819 pillywiggins.skill_exec INFO {"timestamp": "2026-04-30T10:54:02.819463+00:00", "agent_id": "puck", "channel": "discord", "skill_name": "perm_skill", "args": {"x": "test"}, "result_summary": "\"ran anyway\"", "error": null}
2026-04-30 10:54:02,823 pillywiggins.skill_exec INFO {"timestamp": "2026-04-30T10:54:02.823163+00:00", "agent_id": "puck", "channel": "discord", "skill_name": "broken", "args": {}, "result_summary": "", "error": "Error calling skill broken: 'NoneType' object is not callable. Available parameters: "}
2026-04-30 10:54:02,826 pillywiggins.skill_exec INFO {"timestamp": "2026-04-30T10:54:02.826322+00:00", "agent_id": "puck", "channel": "discord", "skill_name": "strict", "args": {"wrong_param": "oops"}, "result_summary": "", "error": "Error calling skill strict: TestMakeSkillToolMissingRunFunction.test_skill_run_func_with_wrong_signature_gives_error_message.<locals>.strict_run() got an unexpected keyword argument 'wrong_param'. Available parameters: required_arg"}
2026-04-30 10:54:02,829 pillywiggins.skill_exec INFO {"timestamp": "2026-04-30T10:54:02.829263+00:00", "agent_id": "puck", "channel": "discord", "skill_name": "two_arg", "args": {"a": "hello"}, "result_summary": "", "error": "Error calling skill two_arg: TestMakeSkillToolMissingRunFunction.test_skill_run_func_type_error_returns_available_params.<locals>.two_params() missing 1 required positional argument: 'b'. Available parameters: a, b"}
2026-04-30 10:54:02,832 pillywiggins.skill_exec INFO {"timestamp": "2026-04-30T10:54:02.832252+00:00", "agent_id": "puck", "channel": "discord", "skill_name": "fwd", "args": {"foo": "bar", "baz": 42}, "result_summary": "\"ok\"", "error": null}
2026-04-30 10:54:02,835 pillywiggins.skill_exec INFO {"timestamp": "2026-04-30T10:54:02.835214+00:00", "agent_id": "puck", "channel": "discord", "skill_name": "fwd_empty", "args": {}, "result_summary": "\"ok\"", "error": null}
2026-04-30 10:54:02,838 pillywiggins.skill_exec INFO {"timestamp": "2026-04-30T10:54:02.838135+00:00", "agent_id": "puck", "channel": "discord", "skill_name": "ctx_check", "args": {"key": "<REDACTED>"}, "result_summary": "\"ok\"", "error": null}
2026-04-30 10:54:02,841 pillywiggins.skill_exec INFO {"timestamp": "2026-04-30T10:54:02.841055+00:00", "agent_id": "puck", "channel": "discord", "skill_name": "complex", "args": {"items": [1, 2, 3], "config": {"a": true}}, "result_summary": "\"ok\"", "error": null}
2026-04-30 22:04:14,614 pillywiggins.skill_exec INFO {"timestamp": "2026-04-30T22:04:14.614546+00:00", "agent_id": "puck", "channel": "discord", "skill_name": "nofile", "args": {}, "result_summary": "", "error": "Error: skill nofile has no source file for sandbox execution"}
2026-04-30 22:04:14,616 pillywiggins.skill_exec INFO {"timestamp": "2026-04-30T22:04:14.616181+00:00", "agent_id": "puck", "channel": "discord", "skill_name": "fail_skill", "args": {}, "result_summary": "", "error": "Sandbox error in fail_skill: timeout exceeded"}
2026-04-30 22:04:14,617 pillywiggins.skill_exec INFO {"timestamp": "2026-04-30T22:04:14.617298+00:00", "agent_id": "puck", "channel": "discord", "skill_name": "str_skill", "args": {}, "result_summary": "\"hello world\"", "error": null}
2026-04-30 22:04:14,618 pillywiggins.skill_exec INFO {"timestamp": "2026-04-30T22:04:14.618390+00:00", "agent_id": "puck", "channel": "discord", "skill_name": "dict_skill", "args": {}, "result_summary": "{\"key\": \"value\"}", "error": null}
2026-04-30 22:04:14,621 pillywiggins.skill_exec INFO {"timestamp": "2026-04-30T22:04:14.621255+00:00", "agent_id": "puck", "channel": "discord", "skill_name": "test_skill", "args": {"query": "hello"}, "result_summary": "\"executed\"", "error": null}
2026-04-30 22:04:14,622 pillywiggins.skill_exec INFO {"timestamp": "2026-04-30T22:04:14.622627+00:00", "agent_id": "puck", "channel": "discord", "skill_name": "json_skill", "args": {}, "result_summary": "{\"key\": \"value\"}", "error": null}
2026-04-30 22:04:14,623 pillywiggins.skill_exec INFO {"timestamp": "2026-04-30T22:04:14.623930+00:00", "agent_id": "puck", "channel": "discord", "skill_name": "strict_skill", "args": {"bad_param": "oops"}, "result_summary": "", "error": "Error calling skill strict_skill: unexpected keyword argument 'bad_param'. Available parameters: valid_param"}
2026-04-30 22:04:59,133 pillywiggins.skill_exec INFO {"timestamp": "2026-04-30T22:04:59.132917+00:00", "agent_id": "puck", "channel": "discord", "skill_name": "greet", "args": {"name": "world"}, "result_summary": "\"hello from skill\"", "error": null}
2026-04-30 22:04:59,138 pillywiggins.skill_exec INFO {"timestamp": "2026-04-30T22:04:59.138714+00:00", "agent_id": "puck", "channel": "discord", "skill_name": "echo", "args": {"text": "hello"}, "result_summary": "\"echoed\"", "error": null}
2026-04-30 22:04:59,143 pillywiggins.skill_exec INFO {"timestamp": "2026-04-30T22:04:59.143379+00:00", "agent_id": "puck", "channel": "discord", "skill_name": "json_skill", "args": {}, "result_summary": "{\"key\": \"value\", \"count\": 42}", "error": null}
2026-04-30 22:04:59,148 pillywiggins.skill_exec INFO {"timestamp": "2026-04-30T22:04:59.148244+00:00", "agent_id": "puck", "channel": "discord", "skill_name": "list_skill", "args": {}, "result_summary": "[1, 2, 3]", "error": null}
2026-04-30 22:04:59,153 pillywiggins.skill_exec INFO {"timestamp": "2026-04-30T22:04:59.153462+00:00", "agent_id": "puck", "channel": "discord", "skill_name": "count_skill", "args": {}, "result_summary": "42", "error": null}
2026-04-30 22:04:59,158 pillywiggins.skill_exec INFO {"timestamp": "2026-04-30T22:04:59.158811+00:00", "agent_id": "puck", "channel": "discord", "skill_name": "param_skill", "args": {"city": "London", "units": "fahrenheit"}, "result_summary": "\"done\"", "error": null}
2026-04-30 22:04:59,171 pillywiggins.skill_exec INFO {"timestamp": "2026-04-30T22:04:59.171579+00:00", "agent_id": "puck", "channel": "discord", "skill_name": "no_params", "args": {}, "result_summary": "\"no args needed\"", "error": null}
2026-04-30 22:04:59,176 pillywiggins.skill_exec INFO {"timestamp": "2026-04-30T22:04:59.175976+00:00", "agent_id": "puck", "channel": "discord", "skill_name": "bare", "args": {"unexpected_arg": "wait"}, "result_summary": "\"ok\"", "error": null}
2026-04-30 22:04:59,183 pillywiggins.skill_exec INFO {"timestamp": "2026-04-30T22:04:59.183578+00:00", "agent_id": "puck", "channel": "discord", "skill_name": "perm_skill", "args": {"x": "test"}, "result_summary": "\"ran anyway\"", "error": null}
2026-04-30 22:04:59,187 pillywiggins.skill_exec INFO {"timestamp": "2026-04-30T22:04:59.187629+00:00", "agent_id": "puck", "channel": "discord", "skill_name": "broken", "args": {}, "result_summary": "", "error": "Error calling skill broken: 'NoneType' object is not callable. Available parameters: "}
2026-04-30 22:04:59,191 pillywiggins.skill_exec INFO {"timestamp": "2026-04-30T22:04:59.191620+00:00", "agent_id": "puck", "channel": "discord", "skill_name": "strict", "args": {"wrong_param": "oops"}, "result_summary": "", "error": "Error calling skill strict: TestMakeSkillToolMissingRunFunction.test_skill_run_func_with_wrong_signature_gives_error_message.<locals>.strict_run() got an unexpected keyword argument 'wrong_param'. Available parameters: required_arg"}
2026-04-30 22:04:59,195 pillywiggins.skill_exec INFO {"timestamp": "2026-04-30T22:04:59.195523+00:00", "agent_id": "puck", "channel": "discord", "skill_name": "two_arg", "args": {"a": "hello"}, "result_summary": "", "error": "Error calling skill two_arg: TestMakeSkillToolMissingRunFunction.test_skill_run_func_type_error_returns_available_params.<locals>.two_params() missing 1 required positional argument: 'b'. Available parameters: a, b"}
2026-04-30 22:04:59,199 pillywiggins.skill_exec INFO {"timestamp": "2026-04-30T22:04:59.199855+00:00", "agent_id": "puck", "channel": "discord", "skill_name": "fwd", "args": {"foo": "bar", "baz": 42}, "result_summary": "\"ok\"", "error": null}
2026-04-30 22:04:59,204 pillywiggins.skill_exec INFO {"timestamp": "2026-04-30T22:04:59.204010+00:00", "agent_id": "puck", "channel": "discord", "skill_name": "fwd_empty", "args": {}, "result_summary": "\"ok\"", "error": null}
2026-04-30 22:04:59,208 pillywiggins.skill_exec INFO {"timestamp": "2026-04-30T22:04:59.208717+00:00", "agent_id": "puck", "channel": "discord", "skill_name": "ctx_check", "args": {"key": "<REDACTED>"}, "result_summary": "\"ok\"", "error": null}
2026-04-30 22:04:59,212 pillywiggins.skill_exec INFO {"timestamp": "2026-04-30T22:04:59.212740+00:00", "agent_id": "puck", "channel": "discord", "skill_name": "complex", "args": {"items": [1, 2, 3], "config": {"a": true}}, "result_summary": "\"ok\"", "error": null}
2026-04-30 22:08:05,124 pillywiggins.skill_exec INFO {"timestamp": "2026-04-30T22:08:05.124060+00:00", "agent_id": "puck", "channel": "discord", "skill_name": "nofile", "args": {}, "result_summary": "", "error": "Error: skill nofile has no source file for sandbox execution"}
2026-04-30 22:08:05,126 pillywiggins.skill_exec INFO {"timestamp": "2026-04-30T22:08:05.125980+00:00", "agent_id": "puck", "channel": "discord", "skill_name": "fail_skill", "args": {}, "result_summary": "", "error": "Sandbox error in fail_skill: timeout exceeded"}
2026-04-30 22:08:05,127 pillywiggins.skill_exec INFO {"timestamp": "2026-04-30T22:08:05.127130+00:00", "agent_id": "puck", "channel": "discord", "skill_name": "str_skill", "args": {}, "result_summary": "\"hello world\"", "error": null}
2026-04-30 22:08:05,128 pillywiggins.skill_exec INFO {"timestamp": "2026-04-30T22:08:05.128252+00:00", "agent_id": "puck", "channel": "discord", "skill_name": "dict_skill", "args": {}, "result_summary": "{\"key\": \"value\"}", "error": null}
2026-04-30 22:08:05,131 pillywiggins.skill_exec INFO {"timestamp": "2026-04-30T22:08:05.131063+00:00", "agent_id": "puck", "channel": "discord", "skill_name": "test_skill", "args": {"query": "hello"}, "result_summary": "\"executed\"", "error": null}
2026-04-30 22:08:05,132 pillywiggins.skill_exec INFO {"timestamp": "2026-04-30T22:08:05.132391+00:00", "agent_id": "puck", "channel": "discord", "skill_name": "json_skill", "args": {}, "result_summary": "{\"key\": \"value\"}", "error": null}
2026-04-30 22:08:05,133 pillywiggins.skill_exec INFO {"timestamp": "2026-04-30T22:08:05.133713+00:00", "agent_id": "puck", "channel": "discord", "skill_name": "strict_skill", "args": {"bad_param": "oops"}, "result_summary": "", "error": "Error calling skill strict_skill: unexpected keyword argument 'bad_param'. Available parameters: valid_param"}
2026-04-30 22:08:46,557 pillywiggins.skill_exec INFO {"timestamp": "2026-04-30T22:08:46.557534+00:00", "agent_id": "puck", "channel": "discord", "skill_name": "greet", "args": {"name": "world"}, "result_summary": "\"hello from skill\"", "error": null}
2026-04-30 22:08:46,563 pillywiggins.skill_exec INFO {"timestamp": "2026-04-30T22:08:46.563743+00:00", "agent_id": "puck", "channel": "discord", "skill_name": "echo", "args": {"text": "hello"}, "result_summary": "\"echoed\"", "error": null}
2026-04-30 22:08:46,568 pillywiggins.skill_exec INFO {"timestamp": "2026-04-30T22:08:46.568330+00:00", "agent_id": "puck", "channel": "discord", "skill_name": "json_skill", "args": {}, "result_summary": "{\"key\": \"value\", \"count\": 42}", "error": null}
2026-04-30 22:08:46,572 pillywiggins.skill_exec INFO {"timestamp": "2026-04-30T22:08:46.572097+00:00", "agent_id": "puck", "channel": "discord", "skill_name": "list_skill", "args": {}, "result_summary": "[1, 2, 3]", "error": null}
2026-04-30 22:08:46,576 pillywiggins.skill_exec INFO {"timestamp": "2026-04-30T22:08:46.576027+00:00", "agent_id": "puck", "channel": "discord", "skill_name": "count_skill", "args": {}, "result_summary": "42", "error": null}
2026-04-30 22:08:46,580 pillywiggins.skill_exec INFO {"timestamp": "2026-04-30T22:08:46.580915+00:00", "agent_id": "puck", "channel": "discord", "skill_name": "param_skill", "args": {"city": "London", "units": "fahrenheit"}, "result_summary": "\"done\"", "error": null}
2026-04-30 22:08:46,591 pillywiggins.skill_exec INFO {"timestamp": "2026-04-30T22:08:46.591561+00:00", "agent_id": "puck", "channel": "discord", "skill_name": "no_params", "args": {}, "result_summary": "\"no args needed\"", "error": null}
2026-04-30 22:08:46,596 pillywiggins.skill_exec INFO {"timestamp": "2026-04-30T22:08:46.596057+00:00", "agent_id": "puck", "channel": "discord", "skill_name": "bare", "args": {"unexpected_arg": "wait"}, "result_summary": "\"ok\"", "error": null}
2026-04-30 22:08:46,603 pillywiggins.skill_exec INFO {"timestamp": "2026-04-30T22:08:46.602961+00:00", "agent_id": "puck", "channel": "discord", "skill_name": "perm_skill", "args": {"x": "test"}, "result_summary": "\"ran anyway\"", "error": null}
2026-04-30 22:08:46,607 pillywiggins.skill_exec INFO {"timestamp": "2026-04-30T22:08:46.607043+00:00", "agent_id": "puck", "channel": "discord", "skill_name": "broken", "args": {}, "result_summary": "", "error": "Error calling skill broken: 'NoneType' object is not callable. Available parameters: "}
2026-04-30 22:08:46,610 pillywiggins.skill_exec INFO {"timestamp": "2026-04-30T22:08:46.610790+00:00", "agent_id": "puck", "channel": "discord", "skill_name": "strict", "args": {"wrong_param": "oops"}, "result_summary": "", "error": "Error calling skill strict: TestMakeSkillToolMissingRunFunction.test_skill_run_func_with_wrong_signature_gives_error_message.<locals>.strict_run() got an unexpected keyword argument 'wrong_param'. Available parameters: required_arg"}
2026-04-30 22:08:46,614 pillywiggins.skill_exec INFO {"timestamp": "2026-04-30T22:08:46.614341+00:00", "agent_id": "puck", "channel": "discord", "skill_name": "two_arg", "args": {"a": "hello"}, "result_summary": "", "error": "Error calling skill two_arg: TestMakeSkillToolMissingRunFunction.test_skill_run_func_type_error_returns_available_params.<locals>.two_params() missing 1 required positional argument: 'b'. Available parameters: a, b"}
2026-04-30 22:08:46,618 pillywiggins.skill_exec INFO {"timestamp": "2026-04-30T22:08:46.618183+00:00", "agent_id": "puck", "channel": "discord", "skill_name": "fwd", "args": {"foo": "bar", "baz": 42}, "result_summary": "\"ok\"", "error": null}
2026-04-30 22:08:46,621 pillywiggins.skill_exec INFO {"timestamp": "2026-04-30T22:08:46.621641+00:00", "agent_id": "puck", "channel": "discord", "skill_name": "fwd_empty", "args": {}, "result_summary": "\"ok\"", "error": null}
2026-04-30 22:08:46,625 pillywiggins.skill_exec INFO {"timestamp": "2026-04-30T22:08:46.624980+00:00", "agent_id": "puck", "channel": "discord", "skill_name": "ctx_check", "args": {"key": "<REDACTED>"}, "result_summary": "\"ok\"", "error": null}
2026-04-30 22:08:46,628 pillywiggins.skill_exec INFO {"timestamp": "2026-04-30T22:08:46.628271+00:00", "agent_id": "puck", "channel": "discord", "skill_name": "complex", "args": {"items": [1, 2, 3], "config": {"a": true}}, "result_summary": "\"ok\"", "error": null}
2026-05-02 09:31:06,701 pillywiggins.skill_exec INFO {"timestamp": "2026-05-01T23:31:06.701676+00:00", "agent_id": "puck", "channel": "discord", "skill_name": "nofile", "args": {}, "result_summary": "", "error": "Error: skill nofile has no source file for sandbox execution"}
2026-05-02 09:31:06,703 pillywiggins.skill_exec INFO {"timestamp": "2026-05-01T23:31:06.703375+00:00", "agent_id": "puck", "channel": "discord", "skill_name": "fail_skill", "args": {}, "result_summary": "", "error": "Sandbox error in fail_skill: timeout exceeded"}
2026-05-02 09:31:06,704 pillywiggins.skill_exec INFO {"timestamp": "2026-05-01T23:31:06.704540+00:00", "agent_id": "puck", "channel": "discord", "skill_name": "str_skill", "args": {}, "result_summary": "\"hello world\"", "error": null}
2026-05-02 09:31:06,705 pillywiggins.skill_exec INFO {"timestamp": "2026-05-01T23:31:06.705660+00:00", "agent_id": "puck", "channel": "discord", "skill_name": "dict_skill", "args": {}, "result_summary": "{\"key\": \"value\"}", "error": null}
2026-05-02 09:31:06,708 pillywiggins.skill_exec INFO {"timestamp": "2026-05-01T23:31:06.708539+00:00", "agent_id": "puck", "channel": "discord", "skill_name": "test_skill", "args": {"query": "hello"}, "result_summary": "\"executed\"", "error": null}
2026-05-02 09:31:06,709 pillywiggins.skill_exec INFO {"timestamp": "2026-05-01T23:31:06.709897+00:00", "agent_id": "puck", "channel": "discord", "skill_name": "json_skill", "args": {}, "result_summary": "{\"key\": \"value\"}", "error": null}
2026-05-02 09:31:06,711 pillywiggins.skill_exec INFO {"timestamp": "2026-05-01T23:31:06.711888+00:00", "agent_id": "puck", "channel": "discord", "skill_name": "strict_skill", "args": {"bad_param": "oops"}, "result_summary": "", "error": "Error calling skill strict_skill: unexpected keyword argument 'bad_param'. Available parameters: valid_param"}
2026-05-02 09:31:28,147 pillywiggins.skill_exec INFO {"timestamp": "2026-05-01T23:31:28.147215+00:00", "agent_id": "puck", "channel": "discord", "skill_name": "nofile", "args": {}, "result_summary": "", "error": "Error: skill nofile has no source file for sandbox execution"}
2026-05-02 09:31:28,148 pillywiggins.skill_exec INFO {"timestamp": "2026-05-01T23:31:28.148967+00:00", "agent_id": "puck", "channel": "discord", "skill_name": "fail_skill", "args": {}, "result_summary": "", "error": "Sandbox error in fail_skill: timeout exceeded"}
2026-05-02 09:31:28,151 pillywiggins.skill_exec INFO {"timestamp": "2026-05-01T23:31:28.151218+00:00", "agent_id": "puck", "channel": "discord", "skill_name": "str_skill", "args": {}, "result_summary": "\"hello world\"", "error": null}
2026-05-02 09:31:28,152 pillywiggins.skill_exec INFO {"timestamp": "2026-05-01T23:31:28.152546+00:00", "agent_id": "puck", "channel": "discord", "skill_name": "dict_skill", "args": {}, "result_summary": "{\"key\": \"value\"}", "error": null}
2026-05-02 09:31:28,155 pillywiggins.skill_exec INFO {"timestamp": "2026-05-01T23:31:28.155579+00:00", "agent_id": "puck", "channel": "discord", "skill_name": "test_skill", "args": {"query": "hello"}, "result_summary": "\"executed\"", "error": null}
2026-05-02 09:31:28,156 pillywiggins.skill_exec INFO {"timestamp": "2026-05-01T23:31:28.156959+00:00", "agent_id": "puck", "channel": "discord", "skill_name": "json_skill", "args": {}, "result_summary": "{\"key\": \"value\"}", "error": null}
2026-05-02 09:31:28,158 pillywiggins.skill_exec INFO {"timestamp": "2026-05-01T23:31:28.158359+00:00", "agent_id": "puck", "channel": "discord", "skill_name": "strict_skill", "args": {"bad_param": "oops"}, "result_summary": "", "error": "Error calling skill strict_skill: unexpected keyword argument 'bad_param'. Available parameters: valid_param"}
